# serializer version: 1
# name: test_diagnostics_snapshot_covers_binding_and_config
  dict({
    'binding': dict({
      'actual_energy_entity': 'sensor.example_pv_energy',
      'actual_power_entity': 'sensor.example_pv_power',
      'native_entry_id': 'fake-forecast-solar-entry-id',
      'reason': None,
      'status': 'ok',
    }),
    'config_entry': dict({
      'data': dict({
        'actual_energy_today_entity': 'sensor.example_pv_energy',
        'actual_power_entity': 'sensor.example_pv_power',
        'day_ahead_snapshot_hour': 23,
        'morning_snapshot_hour': 6,
        'native_forecast_entry_id': 'fake-forecast-solar-entry-id',
        'time_zone': 'Europe/Berlin',
      }),
      'options': dict({
      }),
      'version': 5,
    }),
    'coordinator': dict({
      'day_ahead_hour': 23,
      'morning_hour': 6,
      'time_zone': 'Europe/Berlin',
      'update_interval_seconds': 300.0,
    }),
    'payload_keys': list([
      'accuracy',
      'actual_coverage',
      'actual_energy_kwh',
      'actual_power_w',
      'analysis_valid',
      'current_limitation',
      'curtailment_reason',
      'daily_points',
      'forecast_coverage',
      'forecast_profile_analysis_allowed',
      'forecast_solar_power_w',
      'future_points',
      'heatmap',
      'hermes_json',
      'insight',
      'last_insight',
      'last_updated',
      'lineage_id',
      'native_forecast_contract',
      'native_observation_sequence',
      'native_observed_at',
      'native_payload_sha256',
      'native_source_status',
      'native_updated_at',
      'paired_coverage',
      'reconciliation_status',
      'source_map',
      'status',
      'validity_reason',
      'vrm_forecast_power_w',
    ]),
  })
# ---
# name: test_entity_registry_snapshot_pins_platinum_attributes
  list([
    dict({
      'device_class': <BinarySensorDeviceClass.PROBLEM: 'problem'>,
      'disabled_by': None,
      'entity_category': <EntityCategory.DIAGNOSTIC: 'diagnostic'>,
      'entity_id': 'binary_sensor.solar_analytics_pv_analysis_data_quality_problem',
      'options': None,
      'platform': 'solar_analytics',
      'state_class': None,
      'translation_key': 'data_quality_problem',
      'unique_id': 'data_quality_problem',
    }),
    dict({
      'device_class': None,
      'disabled_by': <RegistryEntryDisabler.INTEGRATION: 'integration'>,
      'entity_category': None,
      'entity_id': 'binary_sensor.solar_analytics_pv_curtailment_detected',
      'options': None,
      'platform': 'solar_analytics',
      'state_class': None,
      'translation_key': 'curtailment_detected',
      'unique_id': 'curtailment_detected',
    }),
    dict({
      'device_class': <BinarySensorDeviceClass.PROBLEM: 'problem'>,
      'disabled_by': <RegistryEntryDisabler.INTEGRATION: 'integration'>,
      'entity_category': None,
      'entity_id': 'binary_sensor.solar_analytics_pv_near_zero_anomaly',
      'options': None,
      'platform': 'solar_analytics',
      'state_class': None,
      'translation_key': 'near_zero_anomaly',
      'unique_id': 'near_zero_anomaly',
    }),
    dict({
      'device_class': None,
      'disabled_by': None,
      'entity_category': None,
      'entity_id': 'binary_sensor.solar_analytics_pv_performance_analysis_valid',
      'options': None,
      'platform': 'solar_analytics',
      'state_class': None,
      'translation_key': 'pv_performance_analysis_valid',
      'unique_id': 'pv_performance_analysis_valid',
    }),
    dict({
      'device_class': <BinarySensorDeviceClass.PROBLEM: 'problem'>,
      'disabled_by': <RegistryEntryDisabler.INTEGRATION: 'integration'>,
      'entity_category': None,
      'entity_id': 'binary_sensor.solar_analytics_pv_possible_underperformance',
      'options': None,
      'platform': 'solar_analytics',
      'state_class': None,
      'translation_key': 'possible_underperformance',
      'unique_id': 'possible_underperformance',
    }),
    dict({
      'device_class': <BinarySensorDeviceClass.PROBLEM: 'problem'>,
      'disabled_by': <RegistryEntryDisabler.INTEGRATION: 'integration'>,
      'entity_category': None,
      'entity_id': 'binary_sensor.solar_analytics_pv_storm_follow_up',
      'options': None,
      'platform': 'solar_analytics',
      'state_class': None,
      'translation_key': 'storm_follow_up',
      'unique_id': 'storm_follow_up',
    }),
    dict({
      'device_class': None,
      'disabled_by': None,
      'entity_category': <EntityCategory.DIAGNOSTIC: 'diagnostic'>,
      'entity_id': 'sensor.solar_analytics_actual_coverage',
      'options': None,
      'platform': 'solar_analytics',
      'state_class': None,
      'translation_key': 'actual_coverage',
      'unique_id': 'solar_analytics_actual_coverage',
    }),
    dict({
      'device_class': <SensorDeviceClass.POWER: 'power'>,
      'disabled_by': None,
      'entity_category': None,
      'entity_id': 'sensor.solar_analytics_actual_pv_power',
      'options': None,
      'platform': 'solar_analytics',
      'state_class': <SensorStateClass.MEASUREMENT: 'measurement'>,
      'translation_key': 'actual_pv_power',
      'unique_id': 'solar_analytics_actual_pv_power',
    }),
    dict({
      'device_class': <SensorDeviceClass.ENUM: 'enum'>,
      'disabled_by': None,
      'entity_category': None,
      'entity_id': 'sensor.solar_analytics_analysis_status',
      'options': list([
        'ready',
        'insufficient_data',
        'native_source_unavailable',
        'native_source_stale',
        'unsupported_native_contract',
        'actual_source_stale',
        'actual_source_unavailable',
        'binding_unavailable',
        'binding_ambiguous',
        'binding_changed',
        'canonical_actual_mismatch',
        'native_entry_unavailable',
        'storage_failure',
      ]),
      'platform': 'solar_analytics',
      'state_class': None,
      'translation_key': 'analysis_status',
      'unique_id': 'solar_analytics_analysis_status',
    }),
    dict({
      'device_class': None,
      'disabled_by': None,
      'entity_category': <EntityCategory.DIAGNOSTIC: 'diagnostic'>,
      'entity_id': 'sensor.solar_analytics_analytics_lineage',
      'options': None,
      'platform': 'solar_analytics',
      'state_class': None,
      'translation_key': 'lineage',
      'unique_id': 'solar_analytics_lineage',
    }),
    dict({
      'device_class': <SensorDeviceClass.ENUM: 'enum'>,
      'disabled_by': None,
      'entity_category': None,
      'entity_id': 'sensor.solar_analytics_current_pv_limitation',
      'options': list([
        'not_claimed',
        'curtailment',
        'external_control',
        'inverter_limitation',
      ]),
      'platform': 'solar_analytics',
      'state_class': None,
      'translation_key': 'current_limitation',
      'unique_id': 'solar_analytics_current_limitation',
    }),
    dict({
      'device_class': None,
      'disabled_by': None,
      'entity_category': <EntityCategory.DIAGNOSTIC: 'diagnostic'>,
      'entity_id': 'sensor.solar_analytics_daily_comparison',
      'options': None,
      'platform': 'solar_analytics',
      'state_class': None,
      'translation_key': 'daily_comparison',
      'unique_id': 'solar_analytics_daily_comparison',
    }),
    dict({
      'device_class': <SensorDeviceClass.ENUM: 'enum'>,
      'disabled_by': None,
      'entity_category': None,
      'entity_id': 'sensor.solar_analytics_forecast_accuracy',
      'options': list([
        'ready',
        'insufficient_data',
      ]),
      'platform': 'solar_analytics',
      'state_class': None,
      'translation_key': 'accuracy',
      'unique_id': 'solar_analytics_accuracy',
    }),
    dict({
      'device_class': None,
      'disabled_by': None,
      'entity_category': <EntityCategory.DIAGNOSTIC: 'diagnostic'>,
      'entity_id': 'sensor.solar_analytics_forecast_coverage',
      'options': None,
      'platform': 'solar_analytics',
      'state_class': None,
      'translation_key': 'forecast_coverage',
      'unique_id': 'solar_analytics_forecast_coverage',
    }),
    dict({
      'device_class': <SensorDeviceClass.POWER: 'power'>,
      'disabled_by': None,
      'entity_category': None,
      'entity_id': 'sensor.solar_analytics_forecast_solar_power',
      'options': None,
      'platform': 'solar_analytics',
      'state_class': <SensorStateClass.MEASUREMENT: 'measurement'>,
      'translation_key': 'forecast_solar_power',
      'unique_id': 'solar_analytics_forecast_solar_power',
    }),
    dict({
      'device_class': <SensorDeviceClass.ENUM: 'enum'>,
      'disabled_by': None,
      'entity_category': <EntityCategory.DIAGNOSTIC: 'diagnostic'>,
      'entity_id': 'sensor.solar_analytics_future_profile',
      'options': list([
        'ready',
        'unavailable',
      ]),
      'platform': 'solar_analytics',
      'state_class': None,
      'translation_key': 'future_profile',
      'unique_id': 'solar_analytics_future_profile',
    }),
    dict({
      'device_class': None,
      'disabled_by': <RegistryEntryDisabler.INTEGRATION: 'integration'>,
      'entity_category': <EntityCategory.DIAGNOSTIC: 'diagnostic'>,
      'entity_id': 'sensor.solar_analytics_insight_json',
      'options': None,
      'platform': 'solar_analytics',
      'state_class': None,
      'translation_key': 'insight_json',
      'unique_id': 'solar_analytics_insight_json',
    }),
    dict({
      'device_class': None,
      'disabled_by': None,
      'entity_category': <EntityCategory.DIAGNOSTIC: 'diagnostic'>,
      'entity_id': 'sensor.solar_analytics_last_insight',
      'options': None,
      'platform': 'solar_analytics',
      'state_class': None,
      'translation_key': 'last_insight',
      'unique_id': 'solar_analytics_last_insight',
    }),
    dict({
      'device_class': <SensorDeviceClass.TIMESTAMP: 'timestamp'>,
      'disabled_by': None,
      'entity_category': <EntityCategory.DIAGNOSTIC: 'diagnostic'>,
      'entity_id': 'sensor.solar_analytics_last_updated',
      'options': None,
      'platform': 'solar_analytics',
      'state_class': None,
      'translation_key': 'last_updated',
      'unique_id': 'solar_analytics_last_updated',
    }),
    dict({
      'device_class': <SensorDeviceClass.POWER: 'power'>,
      'disabled_by': None,
      'entity_category': <EntityCategory.DIAGNOSTIC: 'diagnostic'>,
      'entity_id': 'sensor.solar_analytics_native_forecast_solar_module_power',
      'options': None,
      'platform': 'solar_analytics',
      'state_class': <SensorStateClass.MEASUREMENT: 'measurement'>,
      'translation_key': 'native_modules_power',
      'unique_id': 'solar_analytics_native_modules_power',
    }),
    dict({
      'device_class': <SensorDeviceClass.ENUM: 'enum'>,
      'disabled_by': None,
      'entity_category': <EntityCategory.DIAGNOSTIC: 'diagnostic'>,
      'entity_id': 'sensor.solar_analytics_native_forecast_solar_source_status',
      'options': list([
        'ok',
        'uninitialized',
        'unsupported_native_contract',
        'native_source_unavailable',
        'native_source_stale',
        'binding_unavailable',
        'binding_ambiguous',
        'binding_changed',
        'canonical_actual_mismatch',
        'native_entry_unavailable',
      ]),
      'platform': 'solar_analytics',
      'state_class': None,
      'translation_key': 'native_source_status',
      'unique_id': 'solar_analytics_native_source_status',
    }),
    dict({
      'device_class': None,
      'disabled_by': None,
      'entity_category': <EntityCategory.DIAGNOSTIC: 'diagnostic'>,
      'entity_id': 'sensor.solar_analytics_paired_coverage',
      'options': None,
      'platform': 'solar_analytics',
      'state_class': None,
      'translation_key': 'paired_coverage',
      'unique_id': 'solar_analytics_paired_coverage',
    }),
    dict({
      'device_class': <SensorDeviceClass.ENUM: 'enum'>,
      'disabled_by': <RegistryEntryDisabler.INTEGRATION: 'integration'>,
      'entity_category': <EntityCategory.DIAGNOSTIC: 'diagnostic'>,
      'entity_id': 'sensor.solar_analytics_performance_heatmap',
      'options': list([
        'unavailable',
      ]),
      'platform': 'solar_analytics',
      'state_class': None,
      'translation_key': 'heatmap',
      'unique_id': 'solar_analytics_heatmap',
    }),
    dict({
      'device_class': <SensorDeviceClass.POWER: 'power'>,
      'disabled_by': <RegistryEntryDisabler.INTEGRATION: 'integration'>,
      'entity_category': None,
      'entity_id': 'sensor.solar_analytics_victron_vrm_forecast_power',
      'options': None,
      'platform': 'solar_analytics',
      'state_class': <SensorStateClass.MEASUREMENT: 'measurement'>,
      'translation_key': 'vrm_forecast_power',
      'unique_id': 'solar_analytics_vrm_forecast_power',
    }),
  ])
# ---
